[7bt.504.myftpupload.com/index.html]
[backblue.gif]
[fade.gif]
[index.html]
[secureservercdn.net/160.153.138.71/7bt.504.myftpupload.com/wp-includes/css/dist/block-library/style.min5e4e.css]
[secureservercdn.net/160.153.138.71/7bt.504.myftpupload.com/wp-content/plugins/cookie-notice/css/front.min5e4e.css]
[secureservercdn.net/160.153.138.71/7bt.504.myftpupload.com/wp-content/plugins/svg-support/css/svgs-attachment5e4e.css]
[secureservercdn.net/160.153.138.71/7bt.504.myftpupload.com/wp-content/plugins/divi-icons/assets/css/b3line_font_free4196.css]
[secureservercdn.net/160.153.138.71/7bt.504.myftpupload.com/wp-content/plugins/divi-icons/assets/css/b3_ie7_free4196.css]
[secureservercdn.net/160.153.138.71/7bt.504.myftpupload.com/wp-content/plugins/divi-icons/assets/css/b3_frontend_free4196.css]
[secureservercdn.net/160.153.138.71/7bt.504.myftpupload.com/wp-content/themes/Divi/style5e4e.css]
[secureservercdn.net/160.153.138.71/7bt.504.myftpupload.com/wp-content/themes/ChildThemeDivi/style5e4e.css]
[secureservercdn.net/160.153.138.71/7bt.504.myftpupload.com/wp-content/themes/ChildThemeDivi/style2298.css]
[secureservercdn.net/160.153.138.71/7bt.504.myftpupload.com/wp-content/plugins/divi-flip-cards/styles/style.minfaca.css]
[secureservercdn.net/160.153.138.71/7bt.504.myftpupload.com/wp-includes/css/dashicons.min5e4e.css]
[secureservercdn.net/160.153.138.71/7bt.504.myftpupload.com/wp-includes/js/jquery/jquery076a.js]
[secureservercdn.net/160.153.138.71/7bt.504.myftpupload.com/wp-includes/js/jquery/jquery-migrate.min667c.js]
[secureservercdn.net/160.153.138.71/7bt.504.myftpupload.com/wp-content/plugins/cookie-notice/js/front.min05f2.js]
[secureservercdn.net/160.153.138.71/7bt.504.myftpupload.com/wp-content/uploads/2019/04/Favicon-150x150.png]
[secureservercdn.net/160.153.138.71/7bt.504.myftpupload.com/wp-content/uploads/2019/04/Favicon4196.png]
[secureservercdn.net/160.153.138.71/7bt.504.myftpupload.com/wp-content/cache/et/10/et-core-unified-15937380220804.min.css]
[secureservercdn.net/160.153.138.71/7bt.504.myftpupload.com/wp-content/uploads/2019/04/Opses-logo-High.png]
[secureservercdn.net/160.153.138.71/7bt.504.myftpupload.com/wp-content/plugins/divi-flip-cards/scripts/tilt.jquery.min9744.js]
[secureservercdn.net/160.153.138.71/7bt.504.myftpupload.com/wp-content/plugins/divi-icons/assets/js/b3-ie7_freefaca.js]
[secureservercdn.net/160.153.138.71/7bt.504.myftpupload.com/wp-content/plugins/divi-icons/assets/js/b3icons_freefaca.js]
[secureservercdn.net/160.153.138.71/7bt.504.myftpupload.com/wp-content/themes/Divi/js/custom.min2298.js]
[secureservercdn.net/160.153.138.71/7bt.504.myftpupload.com/wp-content/plugins/divi-flip-cards/scripts/frontend-bundle.minfaca.js]
[secureservercdn.net/160.153.138.71/7bt.504.myftpupload.com/wp-content/themes/Divi/core/admin/js/common2298.js]
[secureservercdn.net/160.153.138.71/7bt.504.myftpupload.com/wp-includes/js/wp-embed.min5e4e.js]
[7bt.504.myftpupload.com/index.html]
[secureservercdn.net/160.153.138.71/7bt.504.myftpupload.com/wp-includes/css/dist/block-library/style.min5e4e.css]
[secureservercdn.net/160.153.138.71/7bt.504.myftpupload.com/wp-content/plugins/cookie-notice/css/front.min5e4e.css]
[secureservercdn.net/160.153.138.71/7bt.504.myftpupload.com/wp-content/plugins/svg-support/css/svgs-attachment5e4e.css]
[secureservercdn.net/160.153.138.71/7bt.504.myftpupload.com/wp-content/plugins/divi-icons/assets/css/b3line_font_free4196.css]
[secureservercdn.net/160.153.138.71/7bt.504.myftpupload.com/wp-content/plugins/divi-icons/assets/css/b3_ie7_free4196.css]
[secureservercdn.net/160.153.138.71/7bt.504.myftpupload.com/wp-content/plugins/divi-icons/assets/css/b3_frontend_free4196.css]
[secureservercdn.net/160.153.138.71/7bt.504.myftpupload.com/wp-content/themes/Divi/core/admin/fonts/modules.eot]
[secureservercdn.net/160.153.138.71/7bt.504.myftpupload.com/wp-content/themes/Divi/core/admin/fonts/modulesd41d.eot]
[secureservercdn.net/160.153.138.71/7bt.504.myftpupload.com/wp-content/themes/Divi/core/admin/fonts/modules.ttf]
[secureservercdn.net/160.153.138.71/7bt.504.myftpupload.com/wp-content/themes/Divi/core/admin/fonts/modules.woff]
[secureservercdn.net/160.153.138.71/7bt.504.myftpupload.com/wp-content/themes/Divi/includes/builder/styles/images/subscribe-loader.gif]
[secureservercdn.net/160.153.138.71/7bt.504.myftpupload.com/wp-content/themes/Divi/includes/builder/styles/images/preloader.gif]
[secureservercdn.net/160.153.138.71/7bt.504.myftpupload.com/wp-content/themes/Divi/epanel/shortcodes/images/shortcodes-sprite.png]
[secureservercdn.net/160.153.138.71/7bt.504.myftpupload.com/wp-content/themes/Divi/style5e4e.css]
[secureservercdn.net/160.153.138.71/7bt.504.myftpupload.com/wp-content/themes/ChildThemeDivi/style5e4e.css]
[secureservercdn.net/160.153.138.71/7bt.504.myftpupload.com/wp-content/themes/ChildThemeDivi/style2298.css]
[secureservercdn.net/160.153.138.71/7bt.504.myftpupload.com/wp-content/plugins/divi-flip-cards/styles/style.minfaca.css]
[secureservercdn.net/160.153.138.71/7bt.504.myftpupload.com/wp-includes/css/dashicons.min5e4e.css]
[secureservercdn.net/160.153.138.71/7bt.504.myftpupload.com/wp-content/cache/et/10/et-core-unified-15937380220804.min.css]
[secureservercdn.net/160.153.138.71/7bt.504.myftpupload.com/wp-content/themes/Divi/core/admin/fonts/modules.svg]
